// Vitest Snapshot v1, https://vitest.dev/guide/snapshot.html

exports[`Register Page > matches snapshot 1`] = `
<DocumentFragment>
  <div
    data-testid="register-form"
  >
    Mock RegisterForm
  </div>
</DocumentFragment>
`;
